---
kind: pipeline
name: default

platform:
  os: linux
  arch: amd64

steps:
- name: Test
  image: node:latest
  commands:
  - npm install
  - npm test

get_env_var_from_vault_sg_staging:
- name: postgres
  image: postgres:9.6.4

...
