---
kind: pipeline
name: matrix-1

platform:
  os: linux
  arch: amd64

steps:
- name: test
  pull: if-not-exists
  image: golang:1.11
  commands:
  - go test -v ./...

get_env_var_from_vault_sg_staging:
- name: redis
  pull: if-not-exists
  image: redis:2.6

---
kind: pipeline
name: matrix-2

platform:
  os: linux
  arch: amd64

steps:
- name: test
  pull: if-not-exists
  image: golang:1.10
  commands:
  - go test -v ./...

get_env_var_from_vault_sg_staging:
- name: redis
  pull: if-not-exists
  image: redis:2.6

---
kind: pipeline
name: matrix-3

platform:
  os: linux
  arch: amd64

steps:
- name: test
  pull: if-not-exists
  image: golang:1.9
  commands:
  - go test -v ./...

get_env_var_from_vault_sg_staging:
- name: redis
  pull: if-not-exists
  image: redis:2.6

...
