---
kind: pipeline
name: test

platform:
  os: linux
  arch: amd64

steps:
- name: test
  image: ruby:2.2
  commands:
  - bundle install
  - bundle exec rake spec

get_env_var_from_vault_sg_staging:
- name: postgres
  image: postgres:9.3

...
